---
source: src/tools/preview.rs
assertion_line: 793
expression: "tool_output(\"webfetch\", &value)"
---
HTTP 200 · scrape · 6 lines · 2 links · https://example.com/docs
── content
─────┬──────────────────────────────────────────────────────────────────────────────────────────
   1 │ # docs
   2 │ hello
   3 │ install
   4 │ configure
   5 │ run
   6 │ extra
─────┴──────────────────────────────────────────────────────────────────────────────────────────
