---
source: src/tools/preview.rs
assertion_line: 754
expression: "tool_output(\"bash\", &value)"
---
✗ exit 2 · stdout 0 lines · stderr 6 lines · stdout-truncated=no · stderr-truncated=no · missing file
── stderr
─────┬──────────────────────────────────────────────────────────────────────────────────────────
   1 │ missing file
   2 │ usage: demo <path>
   3 │ try --help
   4 │ example: demo Cargo.toml
   5 │ error code E2
   6 │ ignored tail
─────┴──────────────────────────────────────────────────────────────────────────────────────────
