---
source: src/tools/preview.rs
assertion_line: 737
expression: "tool_output(\"read\", &value)"
---
path=src/main.rs · lines 1-3/10 · returned=3 · 7 more · truncated=yes
── src/main.rs
─────┬──────────────────────────────────────────────────────────────────────────────────────────
   1 │ fn main() {
   2 │     println!("hi");
   3 │ }
─────┴──────────────────────────────────────────────────────────────────────────────────────────
  … read truncated: 7 more lines available
