---
source: src/cli/chat/commands.rs
expression: chat_help_text()
---
Enter sends; Alt/Shift+Enter inserts newline; Ctrl-C interrupts an active turn or exits at the prompt
/help (/h, /?) -- show help
/status (/s), /debug (/d) -- show model, mode, context, and todos
/model [value] (/m) -- show or switch model
/ask <question> -- research-only query
/save [name], /load [name] -- save or load a session
/clear (/c) -- restart this chat session
/quit (/q), /exit -- end session
Advanced: /tokens, /compact [deterministic], /thinking [auto|off|effort]
