---
source: tests/snapshots.rs
assertion_line: 107
expression: "tools::preview_tool_output(\"replace\", &value)"
---
6 files changed · 9 replacements · returned=6 · truncated=no
src/lib.rs · 1 repl
  src/main.rs · 2 repl
  src/app.rs · 1 repl
  src/config.rs · 2 repl
  src/tools.rs · 1 repl
  README.md · 2 repl
