---
source: tests/snapshots.rs
assertion_line: 26
expression: "chat::chat_help_text()"
---
Enter sends; Alt/Shift+Enter inserts newline
/help (/h, /?) -- show command help
/tokens (/t) -- show approximate context tokens
/compact [llm|deterministic] (/k) -- compact old transcript context
/model [value] (/m) -- show or switch model
/thinking [auto|off|low|medium|high] -- adjust reasoning effort
/status (/s), /debug (/d) -- show session status
/yolo -- approve all tools for this session
/ask <question> -- research-only query
/save [name] -- save session transcript
/load [name] -- load a saved session
/undo (/u) -- remove last prompt and follow-ups
/clear (/c) -- clear conversation
/quit (/q), /exit -- end session
